<6>[    0.000000] Initializing cgroup subsys cpu
<5>[    0.000000] Linux version 2.6.37.6-cyanogenmod-01493-g70877de (shade@toxygene) (gcc version 4.4.3 (GCC) ) #1 PREEMPT Sat Apr 30 04:23:06 EDT 2011
<4>[    0.000000] CPU: ARMv7 Processor [510f00f2] revision 2 (ARMv7), cr=10c53c7f
<4>[    0.000000] CPU: VIPT nonaliasing data cache, VIVT ASID tagged instruction cache
<4>[    0.000000] Machine: mahimahi
<7>[    0.000000] find the smi tag
<7>[    0.000000] parse_tag_smi: smi size = 0
<7>[    0.000000] find the hwid tag
<7>[    0.000000] parse_tag_hwid: hwid = 0x0
<7>[    0.000000] find the skuid tag
<7>[    0.000000] parse_tag_skuid: hwid = 0x21f01
<7>[    0.000000] tag_panel_parsing: panel type = 0
<7>[    0.000000] find the engineer tag
<7>[    0.000000] parse_tag_engineerid: 0x0
<4>[    0.000000] Ignoring unrecognised tag 0x4d534d76
<4>[    0.000000] Ignoring unrecognised tag 0x5441000a
<4>[    0.000000] Ignoring unrecognised tag 0x41387898
<4>[    0.000000] Memory policy: ECC disabled, Data cache writeback
<7>[    0.000000] On node 0 totalpages: 106240
<7>[    0.000000] free_area_init_node: node 0, pgdat c04e12bc, node_mem_map c05ee000
<7>[    0.000000]   Normal zone: 878 pages used for memmap
<7>[    0.000000]   Normal zone: 0 pages reserved
<7>[    0.000000]   Normal zone: 105362 pages, LIFO batch:31
<7>[    0.000000] pcpu-alloc: s0 r0 d32768 u32768 alloc=1*32768
<7>[    0.000000] pcpu-alloc: [0] 0 
<4>[    0.000000] Built 1 zonelists in Zone order, mobility grouping on.  Total pages: 105362
<5>[    0.000000] Kernel command line: board_mahimahi.disable_uart3=0 board_mahimahi.usb_h2w_sw=0 board_mahimahi.disable_sdcard=0 diag.enabled=0 board_mahimahi.debug_uart=0 smisize=0  androidboot.baseband=4.06.00.12_7 androidboot.cid=GOOGL001 androidboot.carrier=GOOGLE androidboot.mid=PB9910000 androidboot.keycaps=qwerty androidboot.mode=normal androidboot.serialno=HT9CMP803066 androidboot.bootloader=0.33.0012 no_console_suspend=1 wire.search_count=5
<6>[    0.000000] PID hash table entries: 2048 (order: 1, 8192 bytes)
<6>[    0.000000] Dentry cache hash table entries: 65536 (order: 6, 262144 bytes)
<6>[    0.000000] Inode-cache hash table entries: 32768 (order: 5, 131072 bytes)
<6>[    0.000000] Memory: 232MB 183MB = 415MB total
<5>[    0.000000] Memory: 414972k/414972k available, 9988k reserved, 0K highmem
<5>[    0.000000] Virtual kernel memory layout:
<5>[    0.000000]     vector  : 0xffff0000 - 0xffff1000   (   4 kB)
<5>[    0.000000]     fixmap  : 0xfff00000 - 0xfffe0000   ( 896 kB)
<5>[    0.000000]     DMA     : 0xffa00000 - 0xffe00000   (   4 MB)
<5>[    0.000000]     vmalloc : 0xdb800000 - 0xf8000000   ( 456 MB)
<5>[    0.000000]     lowmem  : 0xc0000000 - 0xdb700000   ( 439 MB)
<5>[    0.000000]     modules : 0xbf000000 - 0xc0000000   (  16 MB)
<5>[    0.000000]       .init : 0xc0008000 - 0xc002a000   ( 136 kB)
<5>[    0.000000]       .text : 0xc002a000 - 0xc04b1000   (4636 kB)
<5>[    0.000000]       .data : 0xc04b2000 - 0xc04e1960   ( 191 kB)
<6>[    0.000000] NR_IRQS:316
<6>[    0.000000] Calibrating delay loop... 509.54 BogoMIPS (lpj=2547712)
<6>[    0.229461] pid_max: default: 32768 minimum: 301
<4>[    0.229675] Mount-cache hash table entries: 512
<6>[    0.230041] Initializing cgroup subsys debug
<6>[    0.230041] Initializing cgroup subsys cpuacct
<6>[    0.230072] Initializing cgroup subsys freezer
<6>[    0.230102] CPU: Testing write buffer coherency: ok
<6>[    0.231964] regulator: core version 0.5
<6>[    0.232147] regulator: dummy: 
<6>[    0.232299] NET: Registered protocol family 16
<4>[    3.582855] mahimahi_init() revision=129
<6>[    3.584167] ram_console: got buffer at 3a00000, size 40000
<6>[    3.584381] ram_console: uncorrectable error in header
<6>[    3.584381] ram_console: no valid data in buffer (sig = 0xffffffff)
<6>[    3.592315] console [ram0] enabled
<4>[    3.593322] mahimahi_init_mmc()+
<4>[    3.593750] mahimahi_init_mmc()-
<4>[    3.597015] bio: create slab <bio-0> at 0
<6>[    3.597686] msm_i2c_probe
<6>[    3.598083] msm_i2c_probe: clk_ctl 35d, 100000 Hz
<3>[    5.581420] msm_i2c msm_i2c.0: Error waiting for notbusy (0)
<3>[    5.581695] msm_i2c msm_i2c.0: Still busy after xfer completion (48)
<3>[    5.581817] msm_i2c msm_i2c.0: Transaction timed out
<3>[    5.582092] msm_i2c msm_i2c.0: Error during data xfer (-110) @48
<4>[    5.582305] msm_i2c msm_i2c.0: Still the bus master, status a700, intf 0
<4>[    5.582550] msm_i2c msm_i2c.0: i2c_scl: 1, i2c_sda: 1
<6>[    5.582794] msm_i2c msm_i2c.0: Bus busy cleared after 1 clock cycles, status d0, intf 300
<3>[    5.583099] tps65023 0-0048: Read from reg 0x6 failed
<6>[    5.583251] regulator: dcdc1: 975 <--> 1275 mV 
<6>[    5.583587] regulator: dcdc2: 1260 mV 
<6>[    5.583831] regulator: dcdc3: 800 <--> 3300 mV at 1800 mV 
<3>[    7.570343] msm_i2c msm_i2c.0: Error waiting for notbusy (0)
<3>[    7.570587] msm_i2c msm_i2c.0: Still busy after xfer completion (48)
<3>[    7.570861] msm_i2c msm_i2c.0: Transaction timed out
<3>[    7.571014] msm_i2c msm_i2c.0: Error during data xfer (-110) @48
<4>[    7.571197] msm_i2c msm_i2c.0: Still the bus master, status a700, intf 0
<4>[    7.571350] msm_i2c msm_i2c.0: i2c_scl: 0, i2c_sda: 0
<6>[    7.571716] msm_i2c msm_i2c.0: Bus busy cleared after 1 clock cycles, status d0, intf 300
<3>[    7.571899] tps65023 0-0048: Read from reg 0x8 failed
<6>[    7.572174] regulator: ldo1: 1000 <--> 3150 mV 
<6>[    7.572387] regulator: ldo2: 3300 mV 
<6>[    7.573425] Bluetooth: Core ver 2.15
<6>[    7.573730] NET: Registered protocol family 31
<6>[    7.573883] Bluetooth: HCI device and connection manager initialized
<6>[    7.574157] Bluetooth: HCI socket layer initialized
<6>[    7.574401] Switching to clocksource gp_timer
<6>[    7.575561] NET: Registered protocol family 2
<6>[    7.575836] IP route cache hash table entries: 4096 (order: 2, 16384 bytes)
<6>[    7.576416] TCP established hash table entries: 16384 (order: 5, 131072 bytes)
<6>[    7.576843] TCP bind hash table entries: 16384 (order: 4, 65536 bytes)
<6>[    7.577239] TCP: Hash tables configured (established 16384 bind 16384)
<6>[    7.577392] TCP reno registered
<6>[    7.577667] UDP hash table entries: 256 (order: 0, 4096 bytes)
<6>[    7.577819] UDP-Lite hash table entries: 256 (order: 0, 4096 bytes)
<6>[    7.578216] NET: Registered protocol family 1
<6>[    7.578552] Unpacking initramfs...
<6>[    7.588897] Freeing initrd memory: 140K
<6>[    7.589874] smd_init()
<6>[    7.590026] smd_core_init()
<6>[    7.590362] smd_core_init() done
<3>[    7.590515] msm_init_last_radio_log: last radio log is 40000 bytes long
<3>[    7.590820] _smem_log_init: no power log or log_idx allocated, smem_log disabled
<6>[    7.591705] smd_alloc_channel() cid=00 size=08192 'SMD_DS'
<6>[    7.591979] smd_alloc_channel() cid=01 size=08192 'SMD_DIAG'
<6>[    7.592315] smd_alloc_channel() cid=02 size=08192 'SMD_RPCCALL'
<6>[    7.592529] smd_alloc_channel() cid=07 size=32768 'SMD_DATA1'
<6>[    7.592864] smd_alloc_channel() cid=08 size=08192 'SMD_DATA2'
<6>[    7.593078] smd_alloc_channel() cid=09 size=08192 'SMD_DATA3'
<6>[    7.593414] smd_alloc_channel() cid=11 size=32768 'SMD_DATA5'
<6>[    7.593627] smd_alloc_channel() cid=12 size=32768 'SMD_DATA6'
<6>[    7.593963] smd_alloc_channel() cid=13 size=32768 'SMD_DATA7'
<6>[    7.594207] smd_alloc_channel() cid=15 size=08192 'SMD_DATA9'
<6>[    7.594543] smd_alloc_channel() cid=27 size=08192 'SMD_GPSNMEA'
<6>[    7.594879] smd_alloc_channel() cid=40 size=08192 'DSP_DIAG'
<3>[    7.595245] smd_alloc_channel() cid 41 does not exist
<6>[    7.595397] smd_alloc_channel() cid=42 size=08192 'DSP_DAL_AQ_VID'
<6>[    7.595733] smd_alloc_channel() cid=43 size=08192 'DSP_DAL_AQ_AUD'
<6>[    7.595947] smd_alloc_channel() cid=46 size=08192 'DSP_DAL00'
<3>[    7.596282] smd_alloc_channel() cid 47 does not exist
<6>[    7.596435] smd_alloc_channel() cid=48 size=08192 'SMD_DAL_AM_AUD'
<6>[    7.596771] smd_alloc_channel() cid=49 size=08192 'SMD_DAL00'
<6>[    7.596984] smd_alloc_channel() cid=50 size=08192 'SMD_DATA5_CNTL'
<6>[    7.597320] smd_alloc_channel() cid=51 size=08192 'SMD_DATA6_CNTL'
<6>[    7.597564] smd_alloc_channel() cid=52 size=08192 'SMD_DATA7_CNTL'
<6>[    7.598602] SMD: ch 2 1 -> 2
<6>[    7.599578] Acquire 'boot-time' no_halt_lock 60s
<6>[    7.600799] mdp_probe: initialized
<4>[    7.600982] spi: SPI_CONFIG=8f
<4>[    7.601104] spi: SPI_IO_CONTROL=401
<4>[    7.601257] spi: SPI_OPERATIONAL=85
<4>[    7.601501] spi: SPI_ERROR_FLAGS_EN=7f
<4>[    7.601654] spi: SPI_ERROR_FLAGS=7f
<4>[    7.601776] -mahimahi_init_spi_hack()
<6>[    7.602081] mahimahi_init_panel: amoled panel
<7>[    7.602416] Registered led device: lcd-backlight
<6>[    7.604583] mahimahi-microp 0-0066: microp version [0B][15]
<6>[    7.609558] input: lightsensor-level as /devices/virtual/input/input0
<7>[    7.610046] Registered led device: green
<7>[    7.610290] Registered led device: amber
<7>[    7.610534] Registered led device: red
<7>[    7.610900] Registered led device: blue
<7>[    7.611145] Registered led device: jogball-backlight
<7>[    7.611358] Registered led device: button-backlight
<6>[    7.611877] microp_function_initialize: als_kadc=0x66, als_gadc=0xc0
<3>[    7.627685] smd_alloc_channel() cid 41 does not exist
<3>[    7.627960] smd_alloc_channel() cid 47 does not exist
<6>[    7.628875] H2W: htc_35mm_jack driver register
<6>[    7.629608] input: h2w headset as /devices/virtual/input/input1
<6>[    7.632904] tpa2018d1_init
<7>[    7.633300] Registered led device: flashlight
<6>[    7.633575] flashlight_probe: The Flashlight Driver is ready
<6>[    7.643035] ashmem: initialized
<6>[    7.644256] fuse init (API version 7.15)
<7>[    7.644592] yaffs: yaffs built Apr 30 2011 04:22:10 Installing.
<4>[    7.645141] cryptomgr_test used greatest stack depth: 6936 bytes left
<4>[    7.645721] cryptomgr_test used greatest stack depth: 6896 bytes left
<6>[    7.646911] io scheduler noop registered
<6>[    7.647064] io scheduler deadline registered
<6>[    7.647277] io scheduler cfq registered
<6>[    7.647583] io scheduler bfq registered (default)
<6>[    7.648834] msmfb_probe() installing 480 x 800 panel
<6>[    7.649200] mdp_lcdc_probe: initialized
<3>[    7.649627] kgsl kgsl: |kgsl_platform_probe| no grp_pclk, continuing
<6>[    7.650451] msm_serial: detected port #0
<6>[    7.650756] uartclk = 19200000
<6>[    7.650909] msm_serial.0: ttyMSM0 at MMIO 0xa9a00000 (irq = 64) is a MSM
<6>[    7.651214] msm_serial: console setup on port #0
<6>[    8.491027] console [ttyMSM0] enabled
<6>[    8.494689] msm_serial: driver initialized
<6>[    8.498962] msm_serial_hs.0: ttyHS0 at MMIO 0xa0200000 (irq = 44) is a MSM HS UART
<6>[    8.506561] msm_serial_hs module loaded
<6>[    8.512329] loop: module loaded
<6>[    8.513092] pmem: 1 init
<6>[    8.516326] pmem_adsp: 1 init
<6>[    8.519439] pmem_venc: 1 init
<6>[    8.521881] AKM8973 compass driver: init
<6>[    8.526702] input: compass as /devices/virtual/input/input2
<6>[    8.531311] a1026_init
<6>[    8.533935] msm_nand: allocated dma buffer at ffa01000, dma_addr 3b1db000
<6>[    8.540191] msm_nand: read CFG0 = aa5400c0 CFG1 = 6746a
<6>[    8.545379] msm_nand: CFG0 cw/page=3 ud_sz=512 ecc_sz=10 spare_sz=4
<6>[    8.551696] msm_nand: NAND_READ_ID = 5500bcec
<6>[    8.555999] msn_nand: nandid 5500bcec status c03120
<6>[    8.560699] msm_nand: manuf Samsung (0xec) device 0xbc blocksz 20000 pagesz 800 size 20000000
<6>[    8.569335] msm_nand: save CFG0 = e85408c0 CFG1 = 4745e
<6>[    8.574523] msm_nand: CFG0: cw/page=3 ud_sz=516 ecc_sz=10 spare_sz=0 num_addr_cycles=5
<6>[    8.582397] msm_nand: DEV_CMD1: f00f3000
<6>[    8.586425] msm_nand: NAND_EBI2_ECC_BUF_CFG: 1ff
<5>[    8.590820] Creating 6 MTD partitions on "msm_nand":
<5>[    8.595794] 0x000003ee0000-0x000003fc0000 : "misc"
<5>[    8.602508] 0x000004240000-0x000004740000 : "recovery"
<5>[    8.611938] 0x000004740000-0x0000049c0000 : "boot"
<5>[    8.615753] 0x0000049c0000-0x00000dac0000 : "system"
<5>[    8.773529] 0x00000dac0000-0x0000139c0000 : "cache"
<5>[    8.877288] 0x0000139c0000-0x00001fe00000 : "userdata"
<6>[    9.091094] PPP generic driver version 2.4.2
<6>[    9.091491] PPP Deflate Compression module registered
<6>[    9.091796] PPP BSD Compression module registered
<4>[    9.092346] kworker/u:1 used greatest stack depth: 6768 bytes left
<4>[    9.092773] kworker/u:1 used greatest stack depth: 6656 bytes left
<6>[    9.093505] PPP MPPE Compression module registered
<6>[    9.093811] NET: Registered protocol family 24
<6>[    9.095031] tun: Universal TUN/TAP device driver, 1.6
<6>[    9.095489] tun: (C) 1999-2004 Max Krasnyansky <maxk@qualcomm.com>
<6>[    9.096923] msm72k_udc: msm72k_probe
<6>[    9.097167] msm72k_udc: msm72k_probe() io=db81c000, irq=58, dma=ffa02000(3b220000)
<6>[    9.104980] android init
<4>[    9.107177] cryptomgr_probe used greatest stack depth: 6536 bytes left
<6>[    9.113800] android_probe pdata: c04bad08
<6>[    9.117706] android_bind
<7>[    9.120178] android_bind_config
<6>[    9.123321] android_usb gadget: android_usb ready
<6>[    9.127929] msm72k_udc: msm72k_udc: registered gadget driver 'android_usb'
<6>[    9.134857] msm72k_udc: IDLE -> ONLINE
<6>[    9.138580] f_adb init
<6>[    9.140808] android_register_function adb
<6>[    9.144897] f_mass_storage init
<6>[    9.148071] hsusb: reset controller
<6>[    9.151458] fsg_probe pdev: c04bb420, pdata: c04bc04c
<6>[    9.156616] android_register_function usb_mass_storage
<6>[    9.161560] f_rndis init
<6>[    9.164123] android_register_function rndis
<6>[    9.168426] f_accessory init
<6>[    9.171112] android_register_function accessory
<6>[    9.175628] diag init
<6>[    9.177978] android_register_function diag
<6>[    9.181945] rndis_function_bind_config MAC: 00:00:00:00:00:00
<4>[    9.187774] android_usb gadget: using random self ethernet address
<4>[    9.193969] android_usb gadget: using random host ethernet address
<6>[    9.200500] usb0: MAC 76:b0:81:70:6c:6b
<6>[    9.203826] usb0: HOST MAC be:54:d9:36:ee:57
<6>[    9.208129] msm_hsusb_phy_reset: success
<6>[    9.212249] acc_bind_config
<6>[    9.215179] android_usb gadget: Mass Storage Function, version: 2009/09/11
<6>[    9.221679] android_usb gadget: Number of LUNs=1
<6>[    9.226348]  lun0: LUN: removable file: (no medium)
<6>[    9.231201] adb_bind_config
<6>[    9.234252] diag_bind_config
<6>[    9.236816] SMD: ch 40 1 -> 2
<6>[    9.239685] SMD: ch 1 1 -> 2
<6>[    9.243133] mahimahi_ts_power: power 1
<6>[    9.395751] usb: notify offline
<6>[    9.395935] msm_hsusb: enable pullup
<6>[    9.396118] msm72k_udc: ONLINE -> OFFLINE
<6>[    9.396392] msm_hsusb: disable pullup
<4>[    9.396575] ### notify_usb_connected(0) ###
<6>[    9.396789] usb: notify offline
<3>[    9.397705] msm_i2c msm_i2c.0: error, status 43c8 (40)
<3>[    9.397918] msm_i2c msm_i2c.0: Error during data xfer (-5) @40
<6>[    9.435699] msm_hsusb_phy_reset: success
<6>[    9.505981] synaptics_ts_probe: Product Major Version 1
<6>[    9.506835] synaptics_ts_probe: Product Minor Version 3
<6>[    9.507781] synaptics_ts_probe: product property 2
<6>[    9.508636] synaptics_ts_probe: device control 81
<6>[    9.509582] synaptics_ts_probe: interrupt enable 1
<6>[    9.511566] synaptics_ts_probe: 0xe0: 1 1 1 2 1 3 0 0
<6>[    9.512786] synaptics_ts_probe: Sensor properties 701
<6>[    9.516174] synaptics_ts_probe: max_x 4050, max_y 6822
<6>[    9.516387] synaptics_ts_probe: inactive_x -126 -126, inactive_y -127 -341
<6>[    9.516723] synaptics_ts_probe: snap_x 0-0 0-0, snap_y 0-0 0-0
<6>[    9.517272] input: synaptics-rmi-touchscreen as /devices/virtual/input/input3
<6>[    9.521820] synaptics_ts_probe: Start touchscreen synaptics-rmi-touchscreen in interrupt mode
<6>[    9.530090] capella_cm3602_probe: probe
<6>[    9.533569] capella_cm3602_probe: allocating input device
<6>[    9.539093] capella_cm3602_probe: registering input device
<6>[    9.544586] input: proximity as /devices/virtual/input/input4
<6>[    9.550415] capella_cm3602_probe: registering misc device
<6>[    9.555664] capella_cm3602_setup
<6>[    9.558929] proximity 1
<6>[    9.561706] GPIO Matrix Keypad Driver: Start keypad matrix for mahimahi-keypad... in interrupt mode
<6>[    9.570312] GPIO Input Driver: Start gpio inputs for mahimahi-keypad... in interrupt mode
<6>[    9.578857] input: mahimahi-keypad as /devices/virtual/input/input5
<6>[    9.585052] input: mahimahi-nav as /devices/virtual/input/input6
<6>[    9.591186] using input dev h2w headset for key reset
<6>[    9.595794] using input dev mahimahi-keypad for key reset
<6>[    9.601013] using input dev mahimahi-nav for key reset
<6>[    9.606933] using rtc device, msm_rtc, for alarms
<6>[    9.610656] rs30000048:00010000 rs30000048:00010000: rtc core: registered msm_rtc as rtc0
<6>[    9.619720] sctrl.node 0
<6>[    9.621490] s5k3e2fx_sensor_probe
<6>[   10.349456] s5k3e2fx:kobject creat and add
<6>[   10.349792] s5k3e2fx:sysfs_create_file
<6>[   10.350891] Driver for 1-wire Dallas network protocol.
<3>[   10.352203] msm_i2c msm_i2c.0: error, status 43c8 (18)
<3>[   10.352539] msm_i2c msm_i2c.0: Error during data xfer (-5) @18
<4>[   10.352752] ds2482 0-0018: i2c write c3 87 failed, -5, retries left 5
<3>[   10.353424] msm_i2c msm_i2c.0: error, status 43c8 (18)
<3>[   10.353637] msm_i2c msm_i2c.0: Error during data xfer (-5) @18
<4>[   10.354003] ds2482 0-0018: i2c write c3 87 failed, -5, retries left 4
<3>[   10.354644] msm_i2c msm_i2c.0: error, status 43c8 (18)
<3>[   10.357940] msm_i2c msm_i2c.0: Error during data xfer (-5) @18
<4>[   10.363739] ds2482 0-0018: i2c write c3 87 failed, -5, retries left 3
<3>[   10.372375] msm_i2c msm_i2c.0: error, status 43c8 (18)
<3>[   10.375366] msm_i2c msm_i2c.0: Error during data xfer (-5) @18
<4>[   10.381134] ds2482 0-0018: i2c write c3 87 failed, -5, retries left 2
<3>[   10.389862] msm_i2c msm_i2c.0: error, status 43c8 (18)
<3>[   10.392608] msm_i2c msm_i2c.0: Error during data xfer (-5) @18
<4>[   10.398590] ds2482 0-0018: i2c write c3 87 failed, -5, retries left 1
<3>[   10.407073] msm_i2c msm_i2c.0: error, status 43c8 (18)
<3>[   10.410064] msm_i2c msm_i2c.0: Error during data xfer (-5) @18
<4>[   10.415863] ds2482 0-0018: i2c write c3 87 failed, -5, retries left 0
<6>[   10.425262] device-mapper: uevent: version 1.0.3
<6>[   10.427246] device-mapper: ioctl: 4.18.0-ioctl (2010-06-29) initialised: dm-devel@redhat.com
<6>[   10.435424] Bluetooth: HCI UART driver ver 2.2
<6>[   10.439636] Bluetooth: HCI H4 protocol initialized
<6>[   10.444519] Bluetooth: HCILL protocol initialized
<6>[   10.450775] mmc0: Qualcomm MSM SDCC at 0x00000000a0300000 irq 24,0 dma 8
<6>[   10.456024] mmc0: Platform slot type: N/A
<6>[   10.459777] mmc0: 4 bit data mode enabled
<6>[   10.463836] mmc0: 8 bit data mode disabled
<6>[   10.468292] mmc0: MMC clock 144000 -> 50000000 Hz, PCLK 64000000 Hz
<6>[   10.474090] mmc0: Slot eject status = 1
<6>[   10.478057] mmc0: Power save feature enable = 1
<6>[   10.482513] mmc0: DM non-cached buffer at ffa04000, dma_addr 0x3b279000
<6>[   10.492431] mmc0: DM cmd busaddr 0x3b279000, cmdptr busaddr 0x3b279300
<6>[   10.496582] mmc1: Qualcomm MSM SDCC at 0x00000000a0400000 irq 26,0 dma 8
<6>[   10.502349] mmc1: Platform slot type: N/A
<6>[   10.506317] mmc1: 4 bit data mode enabled
<6>[   10.510223] mmc1: 8 bit data mode disabled
<6>[   10.514404] mmc1: MMC clock 144000 -> 50000000 Hz, PCLK 64000000 Hz
<6>[   10.520568] mmc1: Slot eject status = 1
<6>[   10.524475] mmc1: Power save feature enable = 1
<6>[   10.532165] mmc1: DM non-cached buffer at ffa05000, dma_addr 0x3b27b000
<6>[   10.535614] mmc1: DM cmd busaddr 0x3b27b000, cmdptr busaddr 0x3b27b300
<6>[   10.543029] logger: created 64K log 'log_main'
<6>[   10.546813] logger: created 256K log 'log_events'
<6>[   10.551208] logger: created 64K log 'log_radio'
<6>[   10.555999] logger: created 64K log 'log_system'
<6>[   10.560821] GACT probability NOT on
<6>[   10.563690] Mirror/redirect action on
<6>[   10.570953] u32 classifier
<6>[   10.571228]     Actions configured
<6>[   10.573516] Netfilter messages via NETLINK v0.30.
<6>[   10.578186] nf_conntrack version 0.5.0 (6486 buckets, 25944 max)
<6>[   10.584533] ctnetlink v0.93: registering with nfnetlink.
<6>[   10.589843] xt_time: kernel timezone is -0000
<6>[   10.594055] ip_tables: (C) 2000-2006 Netfilter Core Team
<6>[   10.599151] arp_tables: (C) 2002 David S. Miller
<6>[   10.604003] TCP cubic registered
<6>[   10.610626] NET: Registered protocol family 10
<6>[   10.611785] lo: Disabled Privacy Extensions
<6>[   10.616943] Mobile IPv6
<6>[   10.617858] IPv6 over IPv4 tunneling driver
<6>[   10.622497] sit0: Disabled Privacy Extensions
<6>[   10.627502] ip6tnl0: Disabled Privacy Extensions
<6>[   10.631195] NET: Registered protocol family 17
<6>[   10.635589] NET: Registered protocol family 15
<5>[   10.639892] Bridge firewalling registered
<6>[   10.643981] Bluetooth: L2CAP ver 2.15
<6>[   10.651336] Bluetooth: L2CAP socket layer initialized
<6>[   10.652587] Bluetooth: SCO (Voice Link) ver 0.6
<6>[   10.657012] Bluetooth: SCO socket layer initialized
<6>[   10.662109] Bluetooth: RFCOMM TTY layer initialized
<6>[   10.666870] Bluetooth: RFCOMM socket layer initialized
<6>[   10.671966] Bluetooth: RFCOMM ver 1.11
<6>[   10.675598] Bluetooth: BNEP (Ethernet Emulation) ver 1.3
<6>[   10.680999] Bluetooth: HIDP (Human Interface Emulation) ver 1.2
<6>[   10.690612] VFP support v0.3: implementor 51 architecture 0 part 0f variant 0 rev 1
<6>[   10.694671] ThumbEE CPU extension supported.
<6>[   10.699340] clock_late_init() disabled 22 unused clocks
<4>[   10.704956] mahimahi_wifi_init: start
<4>[   10.711242] regulator_init_complete: incomplete constraints, leaving ldo2 on
<4>[   10.717681] regulator_init_complete: incomplete constraints, leaving ldo1 on
<4>[   10.724731] regulator_init_complete: incomplete constraints, leaving dcdc3 on
<4>[   10.733734] regulator_init_complete: incomplete constraints, leaving dcdc2 on
<4>[   10.738800] regulator_init_complete: incomplete constraints, leaving dcdc1 on
<6>[   10.744384] rs30000048:00010000 rs30000048:00010000: setting system clock to 1980-01-06 00:00:16 UTC (315964816)
<6>[   10.753906] Freeing init memory: 136K
<6>[   10.852905] keychord: using input dev h2w headset for fevent
<6>[   10.853271] keychord: using input dev mahimahi-keypad for fevent
<6>[   10.853698] keychord: using input dev mahimahi-nav for fevent
<6>[   10.857147] yaffs: dev is 32505859 name is "mtdblock3" rw
<6>[   10.857360] yaffs: passed flags ""
<7>[   10.857727] yaffs: Attempting MTD mount of 31.3,"mtdblock3"
<7>[   11.058929] yaffs: yaffs_read_super: is_checkpointed 1
<6>[   11.059661] yaffs: dev is 32505861 name is "mtdblock5" rw
<6>[   11.059875] yaffs: passed flags ""
<7>[   11.060058] yaffs: Attempting MTD mount of 31.5,"mtdblock5"
<7>[   11.092102] yaffs: yaffs_read_super: is_checkpointed 1
<6>[   11.092620] yaffs: dev is 32505860 name is "mtdblock4" rw
<6>[   11.093017] yaffs: passed flags ""
<7>[   11.093261] yaffs: Attempting MTD mount of 31.4,"mtdblock4"
<7>[   11.096984] yaffs: yaffs_read_super: is_checkpointed 1
<4>[   11.136627] init (1): /proc/1/oom_adj is deprecated, please use /proc/1/oom_score_adj instead.
<6>[   11.286590] batt:  81%, 3840 mV, -271 mA (-10 avg), 23.3 C, 1086 mAh
<6>[   11.293426] batt: charging OFF
<4>[   11.391479] sysctl used greatest stack depth: 5472 bytes left
<4>[   11.391967] 01sysctl used greatest stack depth: 5088 bytes left
<4>[   11.424987] cat used greatest stack depth: 5048 bytes left
<4>[   11.676757] run-parts used greatest stack depth: 5008 bytes left
<4>[   11.677703] sysinit used greatest stack depth: 4688 bytes left
<6>[   11.692199] enabling adb
<6>[   11.695892] acpuclk_set_vdd_level got regulator
<6>[   11.700378] adb_open
<6>[   11.952453] warning: `rild' uses 32-bit capabilities (legacy support in use)
<6>[   12.252899] SMD: ch 0 1 -> 2
<6>[   12.254302] qmi: smd closed
<6>[   12.254791] SMD: ch 50 1 -> 2
<6>[   12.255249] qmi: smd opened
<6>[   12.256622] qmi: smd closed
<6>[   12.257110] SMD: ch 51 1 -> 2
<6>[   12.257598] qmi: smd opened
<6>[   12.258422] qmi: ctl: wds use client_id 0x01
<6>[   12.259429] qmi: ctl: wds use client_id 0x01
<6>[   12.260314] qmi: smd closed
<6>[   12.260986] SMD: ch 52 1 -> 2
<6>[   12.261779] qmi: smd opened
<6>[   12.265258] qmi: ctl: wds use client_id 0x01
<6>[   13.539703] a1026_bootup_init: starting to load image (863 passes)...
<6>[   17.336029] a1026_bootup_init: firmware loaded successfully
<6>[   17.496307] a1026_bootup_init: initialized!
<6>[   17.502746] htc-acoustic: open
<3>[   17.505645] smd_alloc_channel() cid 41 does not exist
<3>[   17.506530] smd_alloc_channel() cid 47 does not exist
<6>[   17.515930] htc-acoustic: mmap
<6>[   17.531677] htc-acoustic: ioctl
<6>[   17.532196] htc-acoustic: ioctl: ACOUSTIC_UPDATE_ADIE called 116.
<6>[   17.539428] htc-acoustic: ioctl: ONCRPC_UPDATE_ADIE_PROC success.
<6>[   17.542114] htc-acoustic: release
<6>[   17.601593] audio: init: codecs
<6>[   17.602294] SMD: ch 43 1 -> 2
<6>[   17.711334] dal_attach: status = 0, name = 'DAL_AQ_AUD'
<6>[   17.712219] audio: init: INIT
<6>[   17.713012] audio: init: OPEN control
<6>[   18.096679] audio: init: attach ACDB
<6>[   18.097259] SMD: ch 48 1 -> 2
<6>[   18.207305] dal_attach: status = 0, name = 'DAL_AM_AUD'
<6>[   18.207946] audio: init: attach ADIE
<6>[   18.209533] dal_attach: status = 0, name = 'DAL_AM_AUD'
<6>[   18.248840] acdb: load 'default.acdb'
<6>[   18.324157] acdb: 588 bytes for device 607, rate 48000.
<6>[   18.340545] acdb: 819 bytes for device 6, rate 8000.
<6>[   21.488922] msmfb: pan_update in state(1)
<6>[   21.488983] msmfb: full update starting
<6>[   21.535705] msmfb: full update completed
<6>[   21.536529] msmfb: turning on panel
<6>[   21.537384] lcdc_unblank: ()
<6>[   21.537872] samsung_oled_panel_unblank: +()
<6>[   21.707000] msm_kgsl: initilized dev=1 mmu=on
<6>[   21.826446] samsung_oled_panel_unblank: -()
<6>[   21.838592] capella_cm3602_open
<6>[   21.839111] capella_cm3602_ioctl cmd 1
<6>[   21.844726] capella_cm3602_ioctl cmd 2
<6>[   21.847198] capella_cm3602_disable
<6>[   21.849029] capella_cm3602_disable: already disabled
<6>[   21.852905] capella_cm3602_release
<6>[   21.853637] capella_cm3602_disable
<6>[   21.854522] capella_cm3602_disable: already disabled
<6>[   27.618713] request_suspend_state: wakeup (3->0) at 24272700748 (1980-01-06 00:00:33.363575142 UTC)
<6>[   54.467071] msm_open_common: open control0
<6>[   54.468292] wait event : 1 timeout:3000
<6>[   54.609588] s5k3e2fx_ctrl->prev_res:0
<6>[   54.609771] s5k3e2fx_setting rupdate:0 g_usModuleVersion:1
<6>[   54.632049] >>>>>>>>(1980-01-06 00:01:00.376941839 UTC)<<<<<<<
<6>[   54.632293] msm_open_common: open config0
<6>[   54.636749] s5k3e2fx: otp_vendorid1[0]:0x   4
<6>[   54.636993] s5k3e2fx: otp_vendorid2[0]:0x  50
<6>[   54.637298] s5k3e2fx: otp_vendorid3[0]:0x   2
<6>[   54.639953] s5k3e2fx: otp_vendorid1[1]:0x   0
<6>[   54.640167] s5k3e2fx: otp_vendorid2[1]:0x   0
<6>[   54.640472] s5k3e2fx: otp_vendorid3[1]:0x   0
<6>[   54.643585] s5k3e2fx: otp_fuseid1[0]:0x   b
<6>[   54.643798] s5k3e2fx: otp_fuseid2[0]:0x  f2
<6>[   54.644104] s5k3e2fx: otp_fuseid3[0]:0x  57
<6>[   54.646911] s5k3e2fx: otp_fuseid1[1]:0x   0
<6>[   54.647277] s5k3e2fx: otp_fuseid2[1]:0x   0
<6>[   54.647460] s5k3e2fx: otp_fuseid3[1]:0x   0
<6>[   54.648529] s5k3e2fx: fuse->fuse_id_word1:0
<6>[   54.652832] s5k3e2fx: fuse->fuse_id_word2:0
<6>[   54.657104] s5k3e2fx: fuse->fuse_id_word3:0x00045002
<6>[   54.661865] s5k3e2fx: fuse->fuse_id_word4:0x000bf257
<6>[   54.698425] msm_enqueue: queue event new max is 1
<6>[   54.698699] msm_enqueue: queue control new max is 1
<6>[   54.785888] msm_enqueue: queue event new max is 2
<6>[   54.786834] msm_release_config: config0
<6>[   54.787109] __msm_release:sync->opencnt:2 
<6>[   54.787261] release config atomic_set pmsm->opened as 0
<6>[   54.787567] msm_release_control: control0
<6>[   54.787841] __msm_release:sync->opencnt:1 
<6>[   54.788024] >>>>>>>>(1980-01-06 00:01:00.532886665 UTC)<<<<<<<
<6>[   65.068786] cable_status_update: status=1
<6>[   65.096252] msm72k_udc: OFFLINE -> ONLINE
<6>[   65.097198] hsusb: reset controller
<6>[   65.105987] batt: charging SLOW
<6>[   65.156158] msm_hsusb_phy_reset: success
<6>[   65.346160] usb: notify offline
<6>[   65.346618] msm_hsusb: enable pullup
<6>[   65.350402] msm72k_udc: msm72k_udc: suspend
<6>[   65.506744] msm72k_udc: msm72k_udc: reset
<6>[   65.509033] msm72k_udc: msm72k_udc: portchange USB_SPEED_HIGH
<6>[   65.629882] msm72k_udc: msm72k_udc: reset
<6>[   65.632171] msm72k_udc: msm72k_udc: portchange USB_SPEED_HIGH
<4>[   65.683258] mahimahi-microp 0-0066: microp_led_jogball_brightness_set_work: unknown value: 200
<4>[   65.796081] ### notify_usb_connected(1) ###
<6>[   65.796295] android_usb gadget: high speed config #1: android
<6>[   67.596160] Release 'boot-time' no_halt_lock
<6>[   78.930450] batt:  80%, 3874 mV, 28 mA (-404 avg), 25.2 C, 1084 mAh
<6>[  128.990020] batt:  80%, 3918 mV, 232 mA (29 avg), 25.7 C, 1084 mAh
<6>[  179.199981] batt:  80%, 3928 mV, 230 mA (231 avg), 26.0 C, 1089 mAh
[dmesg: 0.1s elapsed]

