<6>[    0.000000] Initializing cgroup subsys cpu
<5>[    0.000000] Linux version 2.6.37.6-cyanogenmod-01493-g70877de (shade@toxygene) (gcc version 4.4.3 (GCC) ) #1 PREEMPT Sat Apr 30 04:23:06 EDT 2011
<4>[    0.000000] CPU: ARMv7 Processor [510f00f2] revision 2 (ARMv7), cr=10c53c7f
<4>[    0.000000] CPU: VIPT nonaliasing data cache, VIVT ASID tagged instruction cache
<4>[    0.000000] Machine: mahimahi
<7>[    0.000000] find the smi tag
<7>[    0.000000] parse_tag_smi: smi size = 0
<7>[    0.000000] find the hwid tag
<7>[    0.000000] parse_tag_hwid: hwid = 0x0
<7>[    0.000000] find the skuid tag
<7>[    0.000000] parse_tag_skuid: hwid = 0x21f01
<7>[    0.000000] tag_panel_parsing: panel type = 0
<7>[    0.000000] find the engineer tag
<7>[    0.000000] parse_tag_engineerid: 0x0
<4>[    0.000000] Ignoring unrecognised tag 0x4d534d76
<4>[    0.000000] Ignoring unrecognised tag 0x5441000a
<4>[    0.000000] Ignoring unrecognised tag 0x41387898
<4>[    0.000000] Memory policy: ECC disabled, Data cache writeback
<7>[    0.000000] On node 0 totalpages: 106240
<7>[    0.000000] free_area_init_node: node 0, pgdat c04e12bc, node_mem_map c05ee000
<7>[    0.000000]   Normal zone: 878 pages used for memmap
<7>[    0.000000]   Normal zone: 0 pages reserved
<7>[    0.000000]   Normal zone: 105362 pages, LIFO batch:31
<7>[    0.000000] pcpu-alloc: s0 r0 d32768 u32768 alloc=1*32768
<7>[    0.000000] pcpu-alloc: [0] 0 
<4>[    0.000000] Built 1 zonelists in Zone order, mobility grouping on.  Total pages: 105362
<5>[    0.000000] Kernel command line: board_mahimahi.disable_uart3=0 board_mahimahi.usb_h2w_sw=0 board_mahimahi.disable_sdcard=0 diag.enabled=0 board_mahimahi.debug_uart=0 smisize=0  androidboot.baseband=4.06.00.12_7 androidboot.cid=GOOGL001 androidboot.carrier=GOOGLE androidboot.mid=PB9910000 androidboot.keycaps=qwerty androidboot.mode=normal androidboot.serialno=HT9CMP803066 androidboot.bootloader=0.33.0012 no_console_suspend=1 wire.search_count=5
<6>[    0.000000] PID hash table entries: 2048 (order: 1, 8192 bytes)
<6>[    0.000000] Dentry cache hash table entries: 65536 (order: 6, 262144 bytes)
<6>[    0.000000] Inode-cache hash table entries: 32768 (order: 5, 131072 bytes)
<6>[    0.000000] Memory: 232MB 183MB = 415MB total
<5>[    0.000000] Memory: 414972k/414972k available, 9988k reserved, 0K highmem
<5>[    0.000000] Virtual kernel memory layout:
<5>[    0.000000]     vector  : 0xffff0000 - 0xffff1000   (   4 kB)
<5>[    0.000000]     fixmap  : 0xfff00000 - 0xfffe0000   ( 896 kB)
<5>[    0.000000]     DMA     : 0xffa00000 - 0xffe00000   (   4 MB)
<5>[    0.000000]     vmalloc : 0xdb800000 - 0xf8000000   ( 456 MB)
<5>[    0.000000]     lowmem  : 0xc0000000 - 0xdb700000   ( 439 MB)
<5>[    0.000000]     modules : 0xbf000000 - 0xc0000000   (  16 MB)
<5>[    0.000000]       .init : 0xc0008000 - 0xc002a000   ( 136 kB)
<5>[    0.000000]       .text : 0xc002a000 - 0xc04b1000   (4636 kB)
<5>[    0.000000]       .data : 0xc04b2000 - 0xc04e1960   ( 191 kB)
<6>[    0.000000] NR_IRQS:316
<6>[    0.000000] Calibrating delay loop... 509.54 BogoMIPS (lpj=2547712)
<6>[    0.229461] pid_max: default: 32768 minimum: 301
<4>[    0.229675] Mount-cache hash table entries: 512
<6>[    0.230041] Initializing cgroup subsys debug
<6>[    0.230041] Initializing cgroup subsys cpuacct
<6>[    0.230072] Initializing cgroup subsys freezer
<6>[    0.230102] CPU: Testing write buffer coherency: ok
<6>[    0.231994] regulator: core version 0.5
<6>[    0.232177] regulator: dummy: 
<6>[    0.232330] NET: Registered protocol family 16
<4>[    3.398773] mahimahi_init() revision=129
<6>[    3.400115] ram_console: got buffer at 3a00000, size 40000
<6>[    3.400299] ram_console: uncorrectable error in header
<6>[    3.400299] ram_console: no valid data in buffer (sig = 0xffffffff)
<6>[    3.408233] console [ram0] enabled
<4>[    3.409210] mahimahi_init_mmc()+
<4>[    3.409637] mahimahi_init_mmc()-
<4>[    3.412933] bio: create slab <bio-0> at 0
<6>[    3.413604] msm_i2c_probe
<6>[    3.414001] msm_i2c_probe: clk_ctl 35d, 100000 Hz
<3>[    5.397338] msm_i2c msm_i2c.0: Error waiting for notbusy (0)
<3>[    5.397613] msm_i2c msm_i2c.0: Still busy after xfer completion (48)
<3>[    5.397735] msm_i2c msm_i2c.0: Transaction timed out
<3>[    5.398010] msm_i2c msm_i2c.0: Error during data xfer (-110) @48
<4>[    5.398223] msm_i2c msm_i2c.0: Still the bus master, status a700, intf 0
<4>[    5.398468] msm_i2c msm_i2c.0: i2c_scl: 1, i2c_sda: 1
<6>[    5.398712] msm_i2c msm_i2c.0: Bus busy cleared after 1 clock cycles, status d0, intf 300
<3>[    5.399017] tps65023 0-0048: Read from reg 0x6 failed
<6>[    5.399169] regulator: dcdc1: 975 <--> 1275 mV 
<6>[    5.399505] regulator: dcdc2: 1260 mV 
<6>[    5.399749] regulator: dcdc3: 800 <--> 3300 mV at 1800 mV 
<3>[    7.386260] msm_i2c msm_i2c.0: Error waiting for notbusy (0)
<3>[    7.386505] msm_i2c msm_i2c.0: Still busy after xfer completion (48)
<3>[    7.386779] msm_i2c msm_i2c.0: Transaction timed out
<3>[    7.386932] msm_i2c msm_i2c.0: Error during data xfer (-110) @48
<4>[    7.387115] msm_i2c msm_i2c.0: Still the bus master, status a700, intf 0
<4>[    7.387268] msm_i2c msm_i2c.0: i2c_scl: 0, i2c_sda: 0
<6>[    7.387634] msm_i2c msm_i2c.0: Bus busy cleared after 1 clock cycles, status d0, intf 300
<3>[    7.387817] tps65023 0-0048: Read from reg 0x8 failed
<6>[    7.388092] regulator: ldo1: 1000 <--> 3150 mV 
<6>[    7.388305] regulator: ldo2: 3300 mV 
<6>[    7.389343] Bluetooth: Core ver 2.15
<6>[    7.389648] NET: Registered protocol family 31
<6>[    7.389801] Bluetooth: HCI device and connection manager initialized
<6>[    7.390045] Bluetooth: HCI socket layer initialized
<6>[    7.390319] Switching to clocksource gp_timer
<6>[    7.391479] NET: Registered protocol family 2
<6>[    7.391723] IP route cache hash table entries: 4096 (order: 2, 16384 bytes)
<6>[    7.392303] TCP established hash table entries: 16384 (order: 5, 131072 bytes)
<6>[    7.392761] TCP bind hash table entries: 16384 (order: 4, 65536 bytes)
<6>[    7.393157] TCP: Hash tables configured (established 16384 bind 16384)
<6>[    7.393310] TCP reno registered
<6>[    7.393554] UDP hash table entries: 256 (order: 0, 4096 bytes)
<6>[    7.393707] UDP-Lite hash table entries: 256 (order: 0, 4096 bytes)
<6>[    7.394134] NET: Registered protocol family 1
<6>[    7.394470] Unpacking initramfs...
<6>[    7.404815] Freeing initrd memory: 140K
<6>[    7.405792] smd_init()
<6>[    7.405944] smd_core_init()
<6>[    7.406280] smd_core_init() done
<3>[    7.406433] msm_init_last_radio_log: last radio log is 40000 bytes long
<3>[    7.406738] _smem_log_init: no power log or log_idx allocated, smem_log disabled
<6>[    7.407623] smd_alloc_channel() cid=00 size=08192 'SMD_DS'
<6>[    7.407897] smd_alloc_channel() cid=01 size=08192 'SMD_DIAG'
<6>[    7.408233] smd_alloc_channel() cid=02 size=08192 'SMD_RPCCALL'
<6>[    7.408447] smd_alloc_channel() cid=07 size=32768 'SMD_DATA1'
<6>[    7.408782] smd_alloc_channel() cid=08 size=08192 'SMD_DATA2'
<6>[    7.408996] smd_alloc_channel() cid=09 size=08192 'SMD_DATA3'
<6>[    7.409332] smd_alloc_channel() cid=11 size=32768 'SMD_DATA5'
<6>[    7.409576] smd_alloc_channel() cid=12 size=32768 'SMD_DATA6'
<6>[    7.409912] smd_alloc_channel() cid=13 size=32768 'SMD_DATA7'
<6>[    7.410125] smd_alloc_channel() cid=15 size=08192 'SMD_DATA9'
<6>[    7.410461] smd_alloc_channel() cid=27 size=08192 'SMD_GPSNMEA'
<6>[    7.410797] smd_alloc_channel() cid=40 size=08192 'DSP_DIAG'
<3>[    7.411163] smd_alloc_channel() cid 41 does not exist
<6>[    7.411315] smd_alloc_channel() cid=42 size=08192 'DSP_DAL_AQ_VID'
<6>[    7.411651] smd_alloc_channel() cid=43 size=08192 'DSP_DAL_AQ_AUD'
<6>[    7.411865] smd_alloc_channel() cid=46 size=08192 'DSP_DAL00'
<3>[    7.412200] smd_alloc_channel() cid 47 does not exist
<6>[    7.412353] smd_alloc_channel() cid=48 size=08192 'SMD_DAL_AM_AUD'
<6>[    7.412689] smd_alloc_channel() cid=49 size=08192 'SMD_DAL00'
<6>[    7.412902] smd_alloc_channel() cid=50 size=08192 'SMD_DATA5_CNTL'
<6>[    7.413238] smd_alloc_channel() cid=51 size=08192 'SMD_DATA6_CNTL'
<6>[    7.413482] smd_alloc_channel() cid=52 size=08192 'SMD_DATA7_CNTL'
<6>[    7.414520] SMD: ch 2 1 -> 2
<6>[    7.415527] Acquire 'boot-time' no_halt_lock 60s
<6>[    7.416717] mdp_probe: initialized
<4>[    7.416900] spi: SPI_CONFIG=8f
<4>[    7.417022] spi: SPI_IO_CONTROL=401
<4>[    7.417175] spi: SPI_OPERATIONAL=85
<4>[    7.417419] spi: SPI_ERROR_FLAGS_EN=7f
<4>[    7.417572] spi: SPI_ERROR_FLAGS=7f
<4>[    7.417724] -mahimahi_init_spi_hack()
<6>[    7.417999] mahimahi_init_panel: amoled panel
<7>[    7.418334] Registered led device: lcd-backlight
<6>[    7.420501] mahimahi-microp 0-0066: microp version [0B][15]
<6>[    7.427429] input: lightsensor-level as /devices/virtual/input/input0
<7>[    7.427917] Registered led device: green
<7>[    7.428131] Registered led device: amber
<7>[    7.428375] Registered led device: red
<7>[    7.428710] Registered led device: blue
<7>[    7.428955] Registered led device: jogball-backlight
<7>[    7.429199] Registered led device: button-backlight
<6>[    7.429718] microp_function_initialize: als_kadc=0x66, als_gadc=0xc0
<3>[    7.445526] smd_alloc_channel() cid 41 does not exist
<3>[    7.445800] smd_alloc_channel() cid 47 does not exist
<6>[    7.446746] H2W: htc_35mm_jack driver register
<6>[    7.447509] input: h2w headset as /devices/virtual/input/input1
<6>[    7.450775] tpa2018d1_init
<7>[    7.451202] Registered led device: flashlight
<6>[    7.451477] flashlight_probe: The Flashlight Driver is ready
<6>[    7.460906] ashmem: initialized
<6>[    7.462127] fuse init (API version 7.15)
<7>[    7.462493] yaffs: yaffs built Apr 30 2011 04:22:10 Installing.
<4>[    7.463012] cryptomgr_test used greatest stack depth: 6936 bytes left
<6>[    7.464508] io scheduler noop registered
<6>[    7.464630] io scheduler deadline registered
<6>[    7.464965] io scheduler cfq registered
<6>[    7.465179] io scheduler bfq registered (default)
<6>[    7.466339] msmfb_probe() installing 480 x 800 panel
<6>[    7.466796] mdp_lcdc_probe: initialized
<3>[    7.467102] kgsl kgsl: |kgsl_platform_probe| no grp_pclk, continuing
<6>[    7.468048] msm_serial: detected port #0
<6>[    7.468231] uartclk = 19200000
<6>[    7.468383] msm_serial.0: ttyMSM0 at MMIO 0xa9a00000 (irq = 64) is a MSM
<6>[    7.468688] msm_serial: console setup on port #0
<6>[    8.302154] console [ttyMSM0] enabled
<6>[    8.305755] msm_serial: driver initialized
<6>[    8.309967] msm_serial_hs.0: ttyHS0 at MMIO 0xa0200000 (irq = 44) is a MSM HS UART
<6>[    8.317535] msm_serial_hs module loaded
<6>[    8.323577] loop: module loaded
<6>[    8.324157] pmem: 1 init
<6>[    8.327301] pmem_adsp: 1 init
<6>[    8.330383] pmem_venc: 1 init
<6>[    8.333160] AKM8973 compass driver: init
<6>[    8.337677] input: compass as /devices/virtual/input/input2
<6>[    8.342376] a1026_init
<6>[    8.345001] msm_nand: allocated dma buffer at ffa01000, dma_addr 3b1dc000
<6>[    8.351196] msm_nand: read CFG0 = aa5400c0 CFG1 = 6746a
<6>[    8.356445] msm_nand: CFG0 cw/page=3 ud_sz=512 ecc_sz=10 spare_sz=4
<6>[    8.362640] msm_nand: NAND_READ_ID = 5500bcec
<6>[    8.367156] msn_nand: nandid 5500bcec status c03120
<6>[    8.371765] msm_nand: manuf Samsung (0xec) device 0xbc blocksz 20000 pagesz 800 size 20000000
<6>[    8.380371] msm_nand: save CFG0 = e85408c0 CFG1 = 4745e
<6>[    8.385498] msm_nand: CFG0: cw/page=3 ud_sz=516 ecc_sz=10 spare_sz=0 num_addr_cycles=5
<6>[    8.393554] msm_nand: DEV_CMD1: f00f3000
<6>[    8.397338] msm_nand: NAND_EBI2_ECC_BUF_CFG: 1ff
<5>[    8.402008] Creating 6 MTD partitions on "msm_nand":
<5>[    8.406829] 0x000003ee0000-0x000003fc0000 : "misc"
<5>[    8.413574] 0x000004240000-0x000004740000 : "recovery"
<5>[    8.422973] 0x000004740000-0x0000049c0000 : "boot"
<5>[    8.426757] 0x0000049c0000-0x00000dac0000 : "system"
<5>[    8.584594] 0x00000dac0000-0x0000139c0000 : "cache"
<5>[    8.688385] 0x0000139c0000-0x00001fe00000 : "userdata"
<6>[    8.902618] PPP generic driver version 2.4.2
<6>[    8.903045] PPP Deflate Compression module registered
<6>[    8.903350] PPP BSD Compression module registered
<4>[    8.903900] kworker/u:1 used greatest stack depth: 6768 bytes left
<4>[    8.904327] kworker/u:1 used greatest stack depth: 6656 bytes left
<6>[    8.905059] PPP MPPE Compression module registered
<6>[    8.905364] NET: Registered protocol family 24
<6>[    8.906585] tun: Universal TUN/TAP device driver, 1.6
<6>[    8.906799] tun: (C) 1999-2004 Max Krasnyansky <maxk@qualcomm.com>
<6>[    8.908355] msm72k_udc: msm72k_probe
<6>[    8.908599] msm72k_udc: msm72k_probe() io=db81c000, irq=58, dma=ffa02000(3b22c000)
<4>[    8.916351] cryptomgr_probe used greatest stack depth: 6536 bytes left
<6>[    8.923156] android init
<6>[    8.925140] android_probe pdata: c04bad08
<6>[    8.929199] android_bind
<7>[    8.931671] android_bind_config
<6>[    8.934997] android_usb gadget: android_usb ready
<6>[    8.939422] msm72k_udc: msm72k_udc: registered gadget driver 'android_usb'
<6>[    8.946441] msm72k_udc: IDLE -> ONLINE
<6>[    8.950134] hsusb: reset controller
<6>[    8.953582] f_adb init
<6>[    8.955932] android_register_function adb
<6>[    8.959808] f_mass_storage init
<6>[    8.963012] fsg_probe pdev: c04bb420, pdata: c04bc04c
<6>[    8.968139] android_register_function usb_mass_storage
<6>[    8.973114] f_rndis init
<6>[    8.975677] android_register_function rndis
<6>[    8.979888] f_accessory init
<6>[    8.982696] android_register_function accessory
<6>[    8.987152] diag init
<6>[    8.989410] android_register_function diag
<6>[    8.993621] rndis_function_bind_config MAC: 00:00:00:00:00:00
<4>[    8.999237] android_usb gadget: using random self ethernet address
<4>[    9.005584] android_usb gadget: using random host ethernet address
<6>[    9.011932] usb0: MAC 7e:34:ed:4f:b2:db
<6>[    9.015472] usb0: HOST MAC ea:1a:0d:c6:28:04
<6>[    9.019744] acc_bind_config
<6>[    9.022460] msm_hsusb_phy_reset: success
<6>[    9.026855] android_usb gadget: Mass Storage Function, version: 2009/09/11
<6>[    9.033203] android_usb gadget: Number of LUNs=1
<6>[    9.037872]  lun0: LUN: removable file: (no medium)
<6>[    9.042724] adb_bind_config
<6>[    9.045684] diag_bind_config
<6>[    9.048461] SMD: ch 40 1 -> 2
<6>[    9.051239] SMD: ch 1 1 -> 2
<6>[    9.054718] mahimahi_ts_power: power 1
<3>[    9.202209] msm_i2c msm_i2c.0: error, status 43c8 (40)
<3>[    9.202423] msm_i2c msm_i2c.0: Error during data xfer (-5) @40
<6>[    9.211639] usb: notify offline
<6>[    9.211914] msm_hsusb: enable pullup
<6>[    9.212097] msm72k_udc: ONLINE -> OFFLINE
<6>[    9.212280] msm_hsusb: disable pullup
<4>[    9.212585] ### notify_usb_connected(0) ###
<6>[    9.212799] usb: notify offline
<6>[    9.251647] msm_hsusb_phy_reset: success
<6>[    9.311920] synaptics_ts_probe: Product Major Version 1
<6>[    9.312774] synaptics_ts_probe: Product Minor Version 3
<6>[    9.313720] synaptics_ts_probe: product property 2
<6>[    9.314575] synaptics_ts_probe: device control 81
<6>[    9.315399] synaptics_ts_probe: interrupt enable 1
<6>[    9.317504] synaptics_ts_probe: 0xe0: 1 1 1 2 1 3 0 0
<6>[    9.318725] synaptics_ts_probe: Sensor properties 701
<6>[    9.322113] synaptics_ts_probe: max_x 4050, max_y 6822
<6>[    9.322326] synaptics_ts_probe: inactive_x -126 -126, inactive_y -127 -341
<6>[    9.322662] synaptics_ts_probe: snap_x 0-0 0-0, snap_y 0-0 0-0
<6>[    9.323089] input: synaptics-rmi-touchscreen as /devices/virtual/input/input3
<6>[    9.327850] synaptics_ts_probe: Start touchscreen synaptics-rmi-touchscreen in interrupt mode
<6>[    9.336029] capella_cm3602_probe: probe
<6>[    9.339508] capella_cm3602_probe: allocating input device
<6>[    9.345031] capella_cm3602_probe: registering input device
<6>[    9.350524] input: proximity as /devices/virtual/input/input4
<6>[    9.356353] capella_cm3602_probe: registering misc device
<6>[    9.361602] capella_cm3602_setup
<6>[    9.364868] proximity 1
<6>[    9.367645] GPIO Matrix Keypad Driver: Start keypad matrix for mahimahi-keypad... in interrupt mode
<6>[    9.376281] GPIO Input Driver: Start gpio inputs for mahimahi-keypad... in interrupt mode
<6>[    9.384826] input: mahimahi-keypad as /devices/virtual/input/input5
<6>[    9.391113] input: mahimahi-nav as /devices/virtual/input/input6
<6>[    9.397003] using input dev h2w headset for key reset
<6>[    9.401733] using input dev mahimahi-keypad for key reset
<6>[    9.406951] using input dev mahimahi-nav for key reset
<6>[    9.412872] using rtc device, msm_rtc, for alarms
<6>[    9.416595] rs30000048:00010000 rs30000048:00010000: rtc core: registered msm_rtc as rtc0
<6>[    9.425659] sctrl.node 0
<6>[    9.427429] s5k3e2fx_sensor_probe
<6>[   10.023742] s5k3e2fx:kobject creat and add
<6>[   10.024078] s5k3e2fx:sysfs_create_file
<6>[   10.025146] Driver for 1-wire Dallas network protocol.
<3>[   10.026428] msm_i2c msm_i2c.0: error, status 43c8 (18)
<3>[   10.026763] msm_i2c msm_i2c.0: Error during data xfer (-5) @18
<4>[   10.027008] ds2482 0-0018: i2c write c3 87 failed, -5, retries left 5
<3>[   10.027648] msm_i2c msm_i2c.0: error, status 43c8 (18)
<3>[   10.027893] msm_i2c msm_i2c.0: Error during data xfer (-5) @18
<4>[   10.028228] ds2482 0-0018: i2c write c3 87 failed, -5, retries left 4
<3>[   10.028778] msm_i2c msm_i2c.0: error, status 43c8 (18)
<3>[   10.032287] msm_i2c msm_i2c.0: Error during data xfer (-5) @18
<4>[   10.037994] ds2482 0-0018: i2c write c3 87 failed, -5, retries left 3
<3>[   10.044830] msm_i2c msm_i2c.0: error, status 43c8 (18)
<3>[   10.049530] msm_i2c msm_i2c.0: Error during data xfer (-5) @18
<4>[   10.055480] ds2482 0-0018: i2c write c3 87 failed, -5, retries left 2
<3>[   10.062072] msm_i2c msm_i2c.0: error, status 43c8 (18)
<3>[   10.066986] msm_i2c msm_i2c.0: Error during data xfer (-5) @18
<4>[   10.072723] ds2482 0-0018: i2c write c3 87 failed, -5, retries left 1
<3>[   10.079559] msm_i2c msm_i2c.0: error, status 43c8 (18)
<3>[   10.084259] msm_i2c msm_i2c.0: Error during data xfer (-5) @18
<4>[   10.090209] ds2482 0-0018: i2c write c3 87 failed, -5, retries left 0
<6>[   10.097595] device-mapper: uevent: version 1.0.3
<6>[   10.101623] device-mapper: ioctl: 4.18.0-ioctl (2010-06-29) initialised: dm-devel@redhat.com
<6>[   10.109741] Bluetooth: HCI UART driver ver 2.2
<6>[   10.113952] Bluetooth: HCI H4 protocol initialized
<6>[   10.118865] Bluetooth: HCILL protocol initialized
<6>[   10.125030] mmc0: Qualcomm MSM SDCC at 0x00000000a0300000 irq 24,0 dma 8
<6>[   10.130187] mmc0: Platform slot type: N/A
<6>[   10.134124] mmc0: 4 bit data mode enabled
<6>[   10.138122] mmc0: 8 bit data mode disabled
<6>[   10.142578] mmc0: MMC clock 144000 -> 50000000 Hz, PCLK 64000000 Hz
<6>[   10.148376] mmc0: Slot eject status = 1
<6>[   10.152282] mmc0: Power save feature enable = 1
<6>[   10.156860] mmc0: DM non-cached buffer at ffa04000, dma_addr 0x3b279000
<6>[   10.166503] mmc0: DM cmd busaddr 0x3b279000, cmdptr busaddr 0x3b279300
<6>[   10.170989] mmc1: Qualcomm MSM SDCC at 0x00000000a0400000 irq 26,0 dma 8
<6>[   10.176727] mmc1: Platform slot type: N/A
<6>[   10.180511] mmc1: 4 bit data mode enabled
<6>[   10.184631] mmc1: 8 bit data mode disabled
<6>[   10.188690] mmc1: MMC clock 144000 -> 50000000 Hz, PCLK 64000000 Hz
<6>[   10.194854] mmc1: Slot eject status = 1
<6>[   10.198852] mmc1: Power save feature enable = 1
<6>[   10.206329] mmc1: DM non-cached buffer at ffa05000, dma_addr 0x3b27a000
<6>[   10.209869] mmc1: DM cmd busaddr 0x3b27a000, cmdptr busaddr 0x3b27a300
<6>[   10.217559] logger: created 64K log 'log_main'
<6>[   10.221008] logger: created 256K log 'log_events'
<6>[   10.225677] logger: created 64K log 'log_radio'
<6>[   10.230102] logger: created 64K log 'log_system'
<6>[   10.235198] GACT probability NOT on
<6>[   10.238067] Mirror/redirect action on
<6>[   10.244842] u32 classifier
<6>[   10.245147]     Actions configured
<6>[   10.247772] Netfilter messages via NETLINK v0.30.
<6>[   10.252532] nf_conntrack version 0.5.0 (6486 buckets, 25944 max)
<6>[   10.258880] ctnetlink v0.93: registering with nfnetlink.
<6>[   10.264160] xt_time: kernel timezone is -0000
<6>[   10.268402] ip_tables: (C) 2000-2006 Netfilter Core Team
<6>[   10.273529] arp_tables: (C) 2002 David S. Miller
<6>[   10.278167] TCP cubic registered
<6>[   10.281433] NET: Registered protocol family 10
<6>[   10.289794] lo: Disabled Privacy Extensions
<6>[   10.291503] Mobile IPv6
<6>[   10.292205] IPv6 over IPv4 tunneling driver
<6>[   10.296936] sit0: Disabled Privacy Extensions
<6>[   10.301818] ip6tnl0: Disabled Privacy Extensions
<6>[   10.305450] NET: Registered protocol family 17
<6>[   10.309783] NET: Registered protocol family 15
<5>[   10.314331] Bridge firewalling registered
<6>[   10.318328] Bluetooth: L2CAP ver 2.15
<6>[   10.325378] Bluetooth: L2CAP socket layer initialized
<6>[   10.326965] Bluetooth: SCO (Voice Link) ver 0.6
<6>[   10.331298] Bluetooth: SCO socket layer initialized
<6>[   10.336456] Bluetooth: RFCOMM TTY layer initialized
<6>[   10.341125] Bluetooth: RFCOMM socket layer initialized
<6>[   10.346405] Bluetooth: RFCOMM ver 1.11
<6>[   10.349884] Bluetooth: BNEP (Ethernet Emulation) ver 1.3
<6>[   10.355194] Bluetooth: HIDP (Human Interface Emulation) ver 1.2
<6>[   10.364959] VFP support v0.3: implementor 51 architecture 0 part 0f variant 0 rev 1
<6>[   10.368927] ThumbEE CPU extension supported.
<6>[   10.373779] clock_late_init() disabled 22 unused clocks
<4>[   10.379425] mahimahi_wifi_init: start
<4>[   10.384216] regulator_init_complete: incomplete constraints, leaving ldo2 on
<4>[   10.389587] regulator_init_complete: incomplete constraints, leaving ldo1 on
<4>[   10.396881] regulator_init_complete: incomplete constraints, leaving dcdc3 on
<4>[   10.407806] regulator_init_complete: incomplete constraints, leaving dcdc2 on
<4>[   10.411010] regulator_init_complete: incomplete constraints, leaving dcdc1 on
<6>[   10.418762] rs30000048:00010000 rs30000048:00010000: setting system clock to 1980-01-06 18:22:25 UTC (316030945)
<6>[   10.428100] Freeing init memory: 136K
<6>[   10.538635] keychord: using input dev h2w headset for fevent
<6>[   10.539001] keychord: using input dev mahimahi-keypad for fevent
<6>[   10.539215] keychord: using input dev mahimahi-nav for fevent
<6>[   10.542236] yaffs: dev is 32505859 name is "mtdblock3" rw
<6>[   10.542449] yaffs: passed flags ""
<7>[   10.542633] yaffs: Attempting MTD mount of 31.3,"mtdblock3"
<7>[   10.749389] yaffs: yaffs_read_super: is_checkpointed 1
<6>[   10.750183] yaffs: dev is 32505861 name is "mtdblock5" rw
<6>[   10.750488] yaffs: passed flags ""
<7>[   10.750762] yaffs: Attempting MTD mount of 31.5,"mtdblock5"
<7>[   10.783142] yaffs: yaffs_read_super: is_checkpointed 1
<6>[   10.783660] yaffs: dev is 32505860 name is "mtdblock4" rw
<6>[   10.783966] yaffs: passed flags ""
<7>[   10.784240] yaffs: Attempting MTD mount of 31.4,"mtdblock4"
<7>[   10.787933] yaffs: yaffs_read_super: is_checkpointed 1
<4>[   10.830902] init (1): /proc/1/oom_adj is deprecated, please use /proc/1/oom_score_adj instead.
<6>[   10.840087] batt:  93%, 4016 mV, 130 mA (-17 avg), 22.5 C, 1243 mAh
<6>[   10.847778] batt: charging OFF
<4>[   11.073516] sysctl used greatest stack depth: 5472 bytes left
<4>[   11.074127] 01sysctl used greatest stack depth: 5232 bytes left
<4>[   11.106903] cat used greatest stack depth: 5048 bytes left
<4>[   11.356109] run-parts used greatest stack depth: 4976 bytes left
<4>[   11.357025] sysinit used greatest stack depth: 4512 bytes left
<6>[   11.371582] enabling adb
<6>[   11.375000] adb_open
<6>[   11.422424] acpuclk_set_vdd_level got regulator
<6>[   11.638977] warning: `rild' uses 32-bit capabilities (legacy support in use)
<6>[   11.883789] SMD: ch 0 1 -> 2
<6>[   11.885528] qmi: smd closed
<6>[   11.886016] SMD: ch 50 1 -> 2
<6>[   11.886505] qmi: smd opened
<6>[   11.887176] qmi: smd closed
<6>[   11.888031] SMD: ch 51 1 -> 2
<6>[   11.888458] qmi: smd opened
<6>[   11.889221] qmi: ctl: wds use client_id 0x01
<6>[   11.890228] qmi: ctl: wds use client_id 0x01
<6>[   11.890930] qmi: smd closed
<6>[   11.891479] SMD: ch 52 1 -> 2
<6>[   11.891967] qmi: smd opened
<6>[   11.894165] qmi: ctl: wds use client_id 0x01
<6>[   12.966003] cable_status_update: status=1
<6>[   12.992187] msm72k_udc: OFFLINE -> ONLINE
<6>[   12.993652] hsusb: reset controller
<6>[   13.002990] batt: charging SLOW
<6>[   13.052093] msm_hsusb_phy_reset: success
<6>[   13.064056] a1026_bootup_init: starting to load image (863 passes)...
<6>[   13.242065] usb: notify offline
<6>[   13.242523] msm_hsusb: enable pullup
<6>[   13.246307] msm72k_udc: msm72k_udc: suspend
<6>[   13.399047] msm72k_udc: msm72k_udc: reset
<6>[   13.401306] msm72k_udc: msm72k_udc: portchange USB_SPEED_HIGH
<6>[   13.521545] msm72k_udc: msm72k_udc: reset
<6>[   13.523864] msm72k_udc: msm72k_udc: portchange USB_SPEED_HIGH
<4>[   13.679077] ### notify_usb_connected(1) ###
<6>[   13.679595] android_usb gadget: high speed config #1: android
<6>[   16.012023] a1026_bootup_init: firmware loaded successfully
<6>[   16.172027] a1026_bootup_init: initialized!
<6>[   16.175445] htc-acoustic: open
<3>[   16.176605] smd_alloc_channel() cid 41 does not exist
<3>[   16.176971] smd_alloc_channel() cid 47 does not exist
<6>[   16.182159] htc-acoustic: mmap
<6>[   16.182647] htc-acoustic: ioctl
<6>[   16.182952] htc-acoustic: ioctl: ACOUSTIC_UPDATE_ADIE called 115.
<6>[   16.186431] htc-acoustic: ioctl: ONCRPC_UPDATE_ADIE_PROC success.
<6>[   16.187622] htc-acoustic: release
<6>[   16.217834] audio: init: codecs
<6>[   16.218261] SMD: ch 43 1 -> 2
<6>[   16.326263] dal_attach: status = 0, name = 'DAL_AQ_AUD'
<6>[   16.326568] audio: init: INIT
<6>[   16.326934] audio: init: OPEN control
<6>[   16.705810] audio: init: attach ACDB
<6>[   16.706726] SMD: ch 48 1 -> 2
<6>[   16.812408] dal_attach: status = 0, name = 'DAL_AM_AUD'
<6>[   16.812591] audio: init: attach ADIE
<6>[   16.813140] dal_attach: status = 0, name = 'DAL_AM_AUD'
<6>[   16.829925] acdb: load 'default.acdb'
<6>[   16.860839] acdb: 588 bytes for device 607, rate 48000.
<6>[   16.875061] acdb: 819 bytes for device 6, rate 8000.
<6>[   19.559234] msmfb: pan_update in state(1)
<6>[   19.559265] msmfb: full update starting
<6>[   19.606292] msmfb: full update completed
<6>[   19.606719] msmfb: turning on panel
<6>[   19.607238] lcdc_unblank: ()
<6>[   19.607543] samsung_oled_panel_unblank: +()
<6>[   19.792816] msm_kgsl: initilized dev=1 mmu=on
<6>[   19.892333] samsung_oled_panel_unblank: -()
<6>[   19.906494] capella_cm3602_open
<6>[   19.906951] capella_cm3602_ioctl cmd 1
<6>[   19.912445] capella_cm3602_ioctl cmd 2
<6>[   19.914154] capella_cm3602_disable
<6>[   19.916168] capella_cm3602_disable: already disabled
<6>[   19.919311] capella_cm3602_release
<6>[   19.920562] capella_cm3602_disable
<6>[   19.921295] capella_cm3602_disable: already disabled
<6>[   25.763519] request_suspend_state: wakeup (3->0) at 22601613518 (1980-01-06 18:22:40.833023207 UTC)
<6>[   26.501892] request_suspend_state: wakeup (0->0) at 23339986322 (1980-01-06 18:22:41.571365493 UTC)
<4>[   30.717193] mahimahi-microp 0-0066: microp_led_jogball_brightness_set_work: unknown value: 200
<6>[   50.511230] msm_open_common: open control0
<6>[   50.512634] wait event : 1 timeout:3000
<6>[   50.643737] s5k3e2fx_ctrl->prev_res:0
<6>[   50.644012] s5k3e2fx_setting rupdate:0 g_usModuleVersion:1
<6>[   50.683746] >>>>>>>>(1980-01-06 18:23:05.753219742 UTC)<<<<<<<
<6>[   50.683990] msm_open_common: open config0
<6>[   50.688690] s5k3e2fx: otp_vendorid1[0]:0x   4
<6>[   50.688995] s5k3e2fx: otp_vendorid2[0]:0x  50
<6>[   50.689239] s5k3e2fx: otp_vendorid3[0]:0x   2
<6>[   50.694091] s5k3e2fx: otp_vendorid1[1]:0x   0
<6>[   50.694122] s5k3e2fx: otp_vendorid2[1]:0x   0
<6>[   50.694152] s5k3e2fx: otp_vendorid3[1]:0x   0
<6>[   50.696655] s5k3e2fx: otp_fuseid1[0]:0x   b
<6>[   50.696685] s5k3e2fx: otp_fuseid2[0]:0x  f2
<6>[   50.696685] s5k3e2fx: otp_fuseid3[0]:0x  57
<6>[   50.699432] s5k3e2fx: otp_fuseid1[1]:0x   0
<6>[   50.699432] s5k3e2fx: otp_fuseid2[1]:0x   0
<6>[   50.699462] s5k3e2fx: otp_fuseid3[1]:0x   0
<6>[   50.699462] s5k3e2fx: fuse->fuse_id_word1:0
<6>[   50.699462] s5k3e2fx: fuse->fuse_id_word2:0
<6>[   50.699462] s5k3e2fx: fuse->fuse_id_word3:0x00045002
<6>[   50.699493] s5k3e2fx: fuse->fuse_id_word4:0x000bf257
<6>[   50.786163] msm_enqueue: queue event new max is 1
<6>[   50.786437] msm_enqueue: queue control new max is 1
<6>[   50.883178] msm_enqueue: queue event new max is 2
<6>[   50.901062] msm_release_config: config0
<6>[   50.901306] __msm_release:sync->opencnt:2 
<6>[   50.901519] release config atomic_set pmsm->opened as 0
<6>[   50.902038] msm_release_control: control0
<6>[   50.902221] __msm_release:sync->opencnt:1 
<6>[   50.902648] >>>>>>>>(1980-01-06 18:23:05.972122330 UTC)<<<<<<<
<6>[   67.412628] Release 'boot-time' no_halt_lock
<6>[   75.648529] batt:  93%, 3972 mV, -29 mA (-67 avg), 23.3 C, 1243 mAh
<6>[  125.714660] batt:  93%, 4021 mV, 201 mA (162 avg), 24.2 C, 1246 mAh
<6>[  175.779327] batt:  93%, 4026 mV, 201 mA (202 avg), 24.8 C, 1249 mAh
<3>[  204.647674] msm_pm_wait_state(2, 0, 0, 0) failed 11001
<6>[  204.647674] msm_sleep(): msm_pm_wait_state failed, 11001
<6>[  225.842285] batt:  93%, 4030 mV, 243 mA (195 avg), 25.5 C, 1252 mAh
<6>[  275.902160] batt:  93%, 4040 mV, 265 mA (243 avg), 26.0 C, 1256 mAh
<6>[  325.964447] batt:  93%, 4040 mV, 264 mA (264 avg), 26.2 C, 1260 mAh
<6>[  376.093261] batt:  93%, 4040 mV, 243 mA (229 avg), 26.5 C, 1264 mAh
<6>[  426.171081] batt:  94%, 4045 mV, 265 mA (252 avg), 26.7 C, 1267 mAh
<6>[  476.326019] batt:  94%, 4045 mV, 260 mA (264 avg), 27.0 C, 1272 mAh
<6>[  526.401550] batt:  94%, 4050 mV, 264 mA (263 avg), 27.2 C, 1275 mAh
<3>[  570.037292] binder: release proc 671, transaction 10191, not freed
<6>[  576.485107] batt:  95%, 4050 mV, 124 mA (263 avg), 27.5 C, 1280 mAh
<6>[  626.572143] batt:  95%, 4050 mV, 241 mA (241 avg), 27.7 C, 1283 mAh
<3>[  646.203430] binder: 714: binder_alloc_buf, no vma
<6>[  646.205078] binder: 151:151 transaction failed 29201, size 188-0
<6>[  646.205444] binder: send failed reply for transaction 11082 to 714:714
<4>[  646.216033] pmem: can't remap task is gone!
<6>[  676.659851] batt:  95%, 4050 mV, 244 mA (223 avg), 27.8 C, 1286 mAh
<6>[  726.713226] batt:  95%, 4055 mV, 262 mA (242 avg), 28.0 C, 1291 mAh
<6>[  776.881042] batt:  95%, 4055 mV, 264 mA (264 avg), 28.2 C, 1294 mAh
<6>[  826.960388] batt:  96%, 4060 mV, 264 mA (263 avg), 28.5 C, 1299 mAh
<6>[  877.075164] batt:  96%, 4060 mV, 267 mA (266 avg), 28.5 C, 1302 mAh
<3>[  884.359649] binder: 757: binder_alloc_buf, no vma
<6>[  884.360015] binder: 151:185 transaction failed 29201, size 60-0
<3>[  884.366851] binder: 757: binder_alloc_buf, no vma
<6>[  884.366882] binder: 151:158 transaction failed 29201, size 188-0
<6>[  884.366912] binder: send failed reply for transaction 12223 to 757:757
<4>[  884.374786] pmem: can't remap task is gone!
[dmesg: 0.1s elapsed]

